running `fe test` for 3 inputs (jobs=8)

COMPILING        swisstable /Users/sean/code/fevm/ingots/swisstable
COMPILING        evm        /Users/sean/code/fevm/ingots/evm
COMPILING        driver     /Users/sean/code/fevm/native/differential/driver
READY [4.4586s]  swisstable running 6 tests
PASS  [0.1425s]  swisstable swisstable_hash_distributes_each_limb
PASS  [0.1427s]  swisstable swisstable_hash_reference_vectors
PASS  [0.1429s]  swisstable swisstable_basic_operations
PASS  [0.1429s]  swisstable swisstable_many_entries_roundtrip
PASS  [0.1430s]  swisstable swisstable_tombstones_reuse_full_table_slots
PASS  [0.1738s]  swisstable swisstable_collisions_updates_and_churn
READY [97.166s]  driver     running 0 tests
READY [173.24s]  evm        running 6 tests
PASS  [0.2841s]  evm        world_state_defaults_to_zero
PASS  [0.2846s]  evm        world_state_zero_values_clear_entries
PASS  [0.2847s]  evm        world_state_roundtrips_account_storage
PASS  [0.5072s]  evm        evm_tload_tstore_roundtrip
PASS  [0.5074s]  evm        evm_balance_selfbalance_and_blockhash_use_state
PASS  [0.5074s]  evm        evm_sload_sstore_roundtrip
Warning: No tests found in /Users/sean/code/fevm/native/differential/driver

test result: ok. 12 passed; 0 failed
