running `fe test` for 3 inputs (jobs=8)

COMPILING        swisstable /Users/sean/code/fevm/ingots/swisstable
COMPILING        evm        /Users/sean/code/fevm/ingots/evm
COMPILING        driver     /Users/sean/code/fevm/native/differential/driver
READY [4.6771s]  swisstable running 6 tests
PASS  [0.1359s]  swisstable swisstable_hash_distributes_each_limb
PASS  [0.1361s]  swisstable swisstable_hash_reference_vectors
PASS  [0.1364s]  swisstable swisstable_basic_operations
PASS  [0.1365s]  swisstable swisstable_tombstones_reuse_full_table_slots
PASS  [0.1366s]  swisstable swisstable_many_entries_roundtrip
PASS  [0.1677s]  swisstable swisstable_collisions_updates_and_churn
READY [101.94s]  driver     running 0 tests
READY [175.91s]  evm        running 10 tests
PASS  [0.5961s]  evm        memory_cost_preserves_the_full_u64_gas_domain
PASS  [0.5961s]  evm        memory_empty_and_unpayable_ranges
PASS  [0.5961s]  evm        memory_copy_combines_extents_and_word_costs
PASS  [0.5962s]  evm        memory_rounding_and_quadratic_cost
PASS  [0.7344s]  evm        world_state_defaults_to_zero
PASS  [0.1390s]  evm        world_state_zero_values_clear_entries
PASS  [0.1390s]  evm        world_state_roundtrips_account_storage
PASS  [0.9603s]  evm        evm_balance_selfbalance_and_blockhash_use_state
PASS  [0.9605s]  evm        evm_sload_sstore_roundtrip
PASS  [0.9605s]  evm        evm_tload_tstore_roundtrip
Warning: No tests found in /Users/sean/code/fevm/native/differential/driver

test result: ok. 16 passed; 0 failed
