running `fe test` for 3 inputs (jobs=8)

COMPILING        swisstable /Users/sean/code/fevm/ingots/swisstable
COMPILING        driver     /Users/sean/code/fevm/native/differential/driver
COMPILING        evm        /Users/sean/code/fevm/ingots/evm
READY [3.9376s]  swisstable running 6 tests
PASS  [0.2639s]  swisstable swisstable_hash_reference_vectors
PASS  [0.2639s]  swisstable swisstable_hash_distributes_each_limb
PASS  [0.2643s]  swisstable swisstable_basic_operations
PASS  [0.2644s]  swisstable swisstable_tombstones_reuse_full_table_slots
PASS  [0.2645s]  swisstable swisstable_many_entries_roundtrip
PASS  [0.3061s]  swisstable swisstable_collisions_updates_and_churn
READY [96.540s]  driver     running 0 tests
READY [97.240s]  evm        running 6 tests
PASS  [0.2788s]  evm        world_state_defaults_to_zero
PASS  [0.2796s]  evm        world_state_zero_values_clear_entries
PASS  [0.2796s]  evm        world_state_roundtrips_account_storage
PASS  [0.5362s]  evm        evm_sload_sstore_roundtrip
PASS  [0.5362s]  evm        evm_balance_selfbalance_and_blockhash_use_state
PASS  [0.5364s]  evm        evm_tload_tstore_roundtrip
Warning: No tests found in /Users/sean/code/fevm/native/differential/driver

test result: ok. 12 passed; 0 failed
